
> virexa-be@1.0.0 start:dev
> nest start --watch

[2J[3J[H[[90m9:41:52 AM[0m] Starting compilation in watch mode...

[[90m9:41:57 AM[0m] Found 0 errors. Watching for file changes.

[32m[Nest] 14584  - [39m09/12/2026, 9:42:22 AM [32m    LOG[39m [38;5;3m[NestFactory] [39m[32mStarting Nest application...[39m
[32m[Nest] 14584  - [39m09/12/2026, 9:42:22 AM [32m    LOG[39m [38;5;3m[InstanceLoader] [39m[32mAppModule dependencies initialized[39m[38;5;3m +19ms[39m
[32m[Nest] 14584  - [39m09/12/2026, 9:42:22 AM [32m    LOG[39m [38;5;3m[InstanceLoader] [39m[32mJobsModule dependencies initialized[39m[38;5;3m +1ms[39m
[32m[Nest] 14584  - [39m09/12/2026, 9:42:22 AM [32m    LOG[39m [38;5;3m[RoutesResolver] [39m[32mJobsController {/api/jobs}:[39m[38;5;3m +16ms[39m
[32m[Nest] 14584  - [39m09/12/2026, 9:42:22 AM [32m    LOG[39m [38;5;3m[RouterExplorer] [39m[32mMapped {/api/jobs, GET} route[39m[38;5;3m +7ms[39m
[32m[Nest] 14584  - [39m09/12/2026, 9:42:22 AM [32m    LOG[39m [38;5;3m[RouterExplorer] [39m[32mMapped {/api/jobs/:slug, GET} route[39m[38;5;3m +2ms[39m
[32m[Nest] 14584  - [39m09/12/2026, 9:42:22 AM [32m    LOG[39m [38;5;3m[NestApplication] [39m[32mNest application successfully started[39m[38;5;3m +4ms[39m
NestJS API is running on http://localhost:3001/api
[2J[3J[H[[90m10:32:11 AM[0m] File change detected. Starting incremental compilation...

[[90m10:32:12 AM[0m] Found 0 errors. Watching for file changes.

[32m[Nest] 22976  - [39m09/12/2026, 10:32:14 AM [32m    LOG[39m [38;5;3m[NestFactory] [39m[32mStarting Nest application...[39m
[32m[Nest] 22976  - [39m09/12/2026, 10:32:14 AM [32m    LOG[39m [38;5;3m[InstanceLoader] [39m[32mAppModule dependencies initialized[39m[38;5;3m +28ms[39m
[32m[Nest] 22976  - [39m09/12/2026, 10:32:14 AM [32m    LOG[39m [38;5;3m[InstanceLoader] [39m[32mJobsModule dependencies initialized[39m[38;5;3m +10ms[39m
[32m[Nest] 22976  - [39m09/12/2026, 10:32:14 AM [32m    LOG[39m [38;5;3m[RoutesResolver] [39m[32mJobsController {/api/jobs}:[39m[38;5;3m +16ms[39m
[32m[Nest] 22976  - [39m09/12/2026, 10:32:14 AM [32m    LOG[39m [38;5;3m[RouterExplorer] [39m[32mMapped {/api/jobs, GET} route[39m[38;5;3m +7ms[39m
[32m[Nest] 22976  - [39m09/12/2026, 10:32:14 AM [32m    LOG[39m [38;5;3m[RouterExplorer] [39m[32mMapped {/api/jobs/:slug, GET} route[39m[38;5;3m +2ms[39m
[32m[Nest] 22976  - [39m09/12/2026, 10:32:14 AM [32m    LOG[39m [38;5;3m[NestApplication] [39m[32mNest application successfully started[39m[38;5;3m +3ms[39m
[31m[Nest] 22976  - [39m09/12/2026, 10:32:14 AM [31m  ERROR[39m [38;5;3m[NestApplication] [39m[31mError: listen EADDRINUSE: address already in use :::5000[39m[38;5;3m +6ms[39m
node:net:2328
    const ex = new UVExceptionWithHostPort(err, 'listen', address, port);
               ^

Error: listen EADDRINUSE: address already in use :::5000
    at Server.setupListenHandle [as _listen2] (node:net:2328:16)
    at listenInCluster (node:net:2437:12)
    at Server.listen (node:net:2562:7)
    at ExpressAdapter.listen (file:///C:/Users/USER/Documents/VirexaTech/virexa-be/node_modules/@nestjs/platform-express/adapters/express-adapter.js:144:32)
    at file:///C:/Users/USER/Documents/VirexaTech/virexa-be/node_modules/@nestjs/core/nest-application.js:270:30
    at new Promise (<anonymous>)
    at NestApplication.listen (file:///C:/Users/USER/Documents/VirexaTech/virexa-be/node_modules/@nestjs/core/nest-application.js:260:16)
    at async bootstrap (C:\Users\USER\Documents\VirexaTech\virexa-be\src\main.ts:14:3) {
  code: 'EADDRINUSE',
  errno: -4091,
  syscall: 'listen',
  address: '::',
  port: 5000
}

Node.js v24.21.0
[2J[3J[H[[90m10:32:14 AM[0m] File change detected. Starting incremental compilation...

ERROR: The process "27756" not found.
ERROR: The process "27756" not found.
node:child_process:1017
    throw err;
    ^

Error: Command failed: taskkill /pid 27756 /T /F
ERROR: The process "27756" not found.

    at genericNodeError (node:internal/errors:986:15)
    at wrappedFn (node:internal/errors:540:14)
    at checkExecSyncError (node:child_process:942:11)
    at execSync (node:child_process:1014:15)
    at treeKillSync (file:///C:/Users/USER/Documents/VirexaTech/virexa-be/node_modules/@nestjs/cli/lib/utils/tree-kill.js:4:9)
    at file:///C:/Users/USER/Documents/VirexaTech/virexa-be/node_modules/@nestjs/cli/actions/start.action.js:86:17
    at Object.onWatchStatusChange (file:///C:/Users/USER/Documents/VirexaTech/virexa-be/node_modules/@nestjs/cli/lib/compiler/watch-compiler.js:81:17)
    at C:\Users\USER\Documents\VirexaTech\virexa-be\node_modules\typescript\lib\typescript.js:134575:30
    at emitFilesAndReportErrors (C:\Users\USER\Documents\VirexaTech\virexa-be\node_modules\typescript\lib\typescript.js:134396:5)
    at result.afterProgramCreate (C:\Users\USER\Documents\VirexaTech\virexa-be\node_modules\typescript\lib\typescript.js:134571:5) {
  status: 128,
  signal: null,
  output: [
    null,
    Buffer(0) [Uint8Array] [],
    Buffer(39) [Uint8Array] [
       69,  82,  82,  79,  82,  58,  32,  84, 104,
      101,  32, 112, 114, 111,  99, 101, 115, 115,
       32,  34,  50,  55,  55,  53,  54,  34,  32,
      110, 111, 116,  32, 102, 111, 117, 110, 100,
       46,  13,  10
    ]
  ],
  pid: 27248,
  stdout: Buffer(0) [Uint8Array] [],
  stderr: Buffer(39) [Uint8Array] [
     69,  82,  82,  79,  82,  58,  32,  84, 104,
    101,  32, 112, 114, 111,  99, 101, 115, 115,
     32,  34,  50,  55,  55,  53,  54,  34,  32,
    110, 111, 116,  32, 102, 111, 117, 110, 100,
     46,  13,  10
  ]
}

Node.js v24.21.0
